
> simha-temp@0.1.0 build
> next build

▲ Next.js 16.1.6 (Turbopack)

  Creating an optimized production build ...

> Build error occurred
Error: Turbopack build failed with 1 errors:
./app/globals.css
Error evaluating Node.js code
CssSyntaxError: c:\Users\Administrator\Desktop\Simha Fintech\Try1\app\globals.css:510:46: Unknown word  d i s p l a y 
    at Input.error (node_modules/postcss/lib/input.js:135:16) [c:\Users\Administrator\Desktop\Simha Fintech\Try1\.next\build\chunks\node_modules_fe693df6._.js:4651:22]
    at Parser.unknownWord (node_modules/postcss/lib/parser.js:595:22) [c:\Users\Administrator\Desktop\Simha Fintech\Try1\.next\build\chunks\node_modules_fe693df6._.js:5827:26]
    at Parser.decl (node_modules/postcss/lib/parser.js:236:16) [c:\Users\Administrator\Desktop\Simha Fintech\Try1\.next\build\chunks\node_modules_fe693df6._.js:5510:26]
    at Parser.other (node_modules/postcss/lib/parser.js:401:18) [c:\Users\Administrator\Desktop\Simha Fintech\Try1\.next\build\chunks\node_modules_fe693df6._.js:5656:30]
    at Parser.parse (node_modules/postcss/lib/parser.js:472:16) [c:\Users\Administrator\Desktop\Simha Fintech\Try1\.next\build\chunks\node_modules_fe693df6._.js:5716:26]
    at parse (node_modules/postcss/lib/parse.js:11:12) [c:\Users\Administrator\Desktop\Simha Fintech\Try1\.next\build\chunks\node_modules_fe693df6._.js:5853:16]
    at new LazyResult (node_modules/postcss/lib/lazy-result.js:165:16) [c:\Users\Administrator\Desktop\Simha Fintech\Try1\.next\build\chunks\node_modules_fe693df6._.js:6105:24]
    at Processor.process (node_modules/postcss/lib/processor.js:53:14) [c:\Users\Administrator\Desktop\Simha Fintech\Try1\.next\build\chunks\node_modules_fe693df6._.js:6572:20]
    at transform (turbopack:///[turbopack-node]/transforms/postcss.ts:70:51) [c:\Users\Administrator\Desktop\Simha Fintech\Try1\.next\build\chunks\[root-of-the-server]__51225daf._.js:146:52]
    at run (turbopack:///[turbopack-node]/ipc/evaluate.ts:92:29) [c:\Users\Administrator\Desktop\Simha Fintech\Try1\.next\build\chunks\[root-of-the-server]__974941ed._.js:443:37]

Import trace:
  Client Component Browser:
    ./app/globals.css [Client Component Browser]
    ./app/layout.tsx [Server Component]


    at transform (turbopack:///[turbopack-node]/transforms/postcss.ts:70:51) [c:\Users\Administrator\Desktop\Simha Fintech\Try1\.next\build\chunks\[root-of-the-server]__51225daf._.js:146:52])
    at run (turbopack:///[turbopack-node]/ipc/evaluate.ts:92:29) [c:\Users\Administrator\Desktop\Simha Fintech\Try1\.next\build\chunks\[root-of-the-server]__974941ed._.js:443:37])


